// Jest Snapshot v1, https://goo.gl/fbAQLP

exports[`DeclinedPage should render DeclinedPage 1`] = `
<div
  className=""
>
  <Head>
    <title>
      Declined Location
    </title>
    <meta
      content="Generated by create next app"
      name="description"
    />
    <link
      href="/favicon.ico"
      rel="icon"
    />
  </Head>
  <ThemeProvider
    theme={
      Object {
        "animation": Object {
          "easeInCurve": "cubic-bezier(.8, .2, .6, 1)",
          "easeInOutCurve": "cubic-bezier(0.4, 0, 0.2, 1)",
          "easeInOutQuinticCurve": "cubic-bezier(0.86, 0, 0.07, 1)",
          "easeInQuinticCurve": "cubic-bezier(0.755, 0.05, 0.855, 0.06)",
          "easeOutCurve": "cubic-bezier(.2, .8, .4, 1)",
          "easeOutQuinticCurve": "cubic-bezier(0.23, 1, 0.32, 1)",
          "linearCurve": "cubic-bezier(0, 0, 1, 1)",
          "timing100": "100ms",
          "timing1000": "1000ms",
          "timing200": "200ms",
          "timing300": "300ms",
          "timing400": "400ms",
          "timing500": "500ms",
          "timing600": "600ms",
          "timing700": "700ms",
          "timing800": "800ms",
          "timing900": "900ms",
        },
        "borders": Object {
          "border100": Object {
            "borderColor": "hsla(0, 0%, 100%, 0.04)",
            "borderStyle": "solid",
            "borderWidth": "1px",
          },
          "border200": Object {
            "borderColor": "hsla(0, 0%, 100%, 0.08)",
            "borderStyle": "solid",
            "borderWidth": "1px",
          },
          "border300": Object {
            "borderColor": "hsla(0, 0%, 100%, 0.12)",
            "borderStyle": "solid",
            "borderWidth": "1px",
          },
          "border400": Object {
            "borderColor": "hsla(0, 0%, 100%, 0.16)",
            "borderStyle": "solid",
            "borderWidth": "1px",
          },
          "border500": Object {
            "borderColor": "hsla(0, 0%, 100%, 0.2)",
            "borderStyle": "solid",
            "borderWidth": "1px",
          },
          "border600": Object {
            "borderColor": "hsla(0, 0%, 100%, 0.24)",
            "borderStyle": "solid",
            "borderWidth": "1px",
          },
          "buttonBorderRadius": "0px",
          "inputBorderRadius": "0px",
          "popoverBorderRadius": "0px",
          "radius100": "2px",
          "radius200": "4px",
          "radius300": "8px",
          "radius400": "12px",
          "radius500": "16px",
          "surfaceBorderRadius": "0px",
          "tagBorderRadius": "24px",
          "useRoundedCorners": true,
        },
        "breakpoints": Object {
          "large": 1136,
          "medium": 600,
          "small": 320,
        },
        "colors": Object {
          "accent": "#276EF1",
          "accent100": "#D4E2FC",
          "accent200": "#A0BFF8",
          "accent300": "#5B91F5",
          "accent400": "#276EF1",
          "accent50": "#EFF3FE",
          "accent500": "#1E54B7",
          "accent600": "#174291",
          "accent700": "#102C60",
          "background": "#000000",
          "backgroundAccent": "#276EF1",
          "backgroundAlt": "#1F1F1F",
          "backgroundAlwaysDark": "#141414",
          "backgroundAlwaysLight": "#EEEEEE",
          "backgroundInv": "#CBCBCB",
          "backgroundInversePrimary": "#E2E2E2",
          "backgroundInverseSecondary": "#CBCBCB",
          "backgroundLightAccent": "#102C60",
          "backgroundLightNegative": "#5A0A00",
          "backgroundLightPositive": "#10462D",
          "backgroundLightWarning": "#674D1B",
          "backgroundNegative": "#AB1300",
          "backgroundOverlayDark": "rgba(0, 0, 0, 0.3)",
          "backgroundOverlayLight": "rgba(0, 0, 0, 0.08)",
          "backgroundPositive": "#03703C",
          "backgroundPrimary": "#141414",
          "backgroundSecondary": "#1F1F1F",
          "backgroundStateDisabled": "#1F1F1F",
          "backgroundTertiary": "#333333",
          "backgroundWarning": "#BC8B2C",
          "black": "#000000",
          "border": "#292929",
          "borderAccent": "#276EF1",
          "borderAccentLight": "#1E54B7",
          "borderAlt": "#1F1F1F",
          "borderError": "#AB1300",
          "borderFocus": "#FFFFFF",
          "borderInverseOpaque": "#AFAFAF",
          "borderInverseSelected": "#141414",
          "borderInverseTransparent": "rgba(20, 20, 20, 0.2)",
          "borderNegative": "#AB1300",
          "borderOpaque": "#333333",
          "borderPositive": "#03703C",
          "borderSelected": "#E2E2E2",
          "borderStateDisabled": "#1F1F1F",
          "borderTransparent": "rgba(226, 226, 226, 0.08)",
          "borderWarning": "#BC8B2C",
          "breadcrumbsSeparatorFill": "#AFAFAF",
          "breadcrumbsText": "#CBCBCB",
          "buttonDisabledFill": "#292929",
          "buttonDisabledSpinnerBackground": "#545454",
          "buttonDisabledSpinnerForeground": "#AFAFAF",
          "buttonDisabledText": "#6B6B6B",
          "buttonMinimalActive": "#545454",
          "buttonMinimalFill": "transparent",
          "buttonMinimalHover": "#333333",
          "buttonMinimalSelectedFill": "#545454",
          "buttonMinimalSelectedText": "#FFFFFF",
          "buttonMinimalSpinnerBackground": "#6B6B6B",
          "buttonMinimalSpinnerForeground": "#F6F6F6",
          "buttonMinimalText": "#FFFFFF",
          "buttonPrimaryActive": "#E2E2E2",
          "buttonPrimaryFill": "#FFFFFF",
          "buttonPrimaryHover": "#EEEEEE",
          "buttonPrimarySelectedFill": "#E2E2E2",
          "buttonPrimarySelectedText": "#000000",
          "buttonPrimarySpinnerBackground": "#CBCBCB",
          "buttonPrimarySpinnerForeground": "#333333",
          "buttonPrimaryText": "#000000",
          "buttonSecondaryActive": "#6B6B6B",
          "buttonSecondaryFill": "#333333",
          "buttonSecondaryHover": "#545454",
          "buttonSecondarySelectedFill": "#6B6B6B",
          "buttonSecondarySelectedText": "#FFFFFF",
          "buttonSecondarySpinnerBackground": "#AFAFAF",
          "buttonSecondarySpinnerForeground": "#FFFFFF",
          "buttonSecondaryText": "#FFFFFF",
          "buttonTertiaryActive": "#545454",
          "buttonTertiaryFill": "transparent",
          "buttonTertiaryHover": "#333333",
          "buttonTertiarySelectedFill": "#545454",
          "buttonTertiarySelectedText": "#FFFFFF",
          "buttonTertiarySpinnerBackground": "#6B6B6B",
          "buttonTertiarySpinnerForeground": "#F6F6F6",
          "buttonTertiaryText": "#FFFFFF",
          "calendarBackground": "#141414",
          "calendarDayBackgroundPseudoSelected": "#333333",
          "calendarDayBackgroundPseudoSelectedHighlighted": "#545454",
          "calendarDayBackgroundSelected": "#FFFFFF",
          "calendarDayBackgroundSelectedHighlighted": "#EEEEEE",
          "calendarDayForegroundPseudoSelected": "#FFFFFF",
          "calendarDayForegroundPseudoSelectedHighlighted": "#FFFFFF",
          "calendarDayForegroundSelected": "#000000",
          "calendarDayForegroundSelectedHighlighted": "#000000",
          "calendarForeground": "#FFFFFF",
          "calendarForegroundDisabled": "#6B6B6B",
          "calendarHeaderBackground": "#333333",
          "calendarHeaderBackgroundActive": "#545454",
          "calendarHeaderForeground": "#FFFFFF",
          "calendarHeaderForegroundDisabled": "#6B6B6B",
          "colorPrimary": "#CBCBCB",
          "colorSecondary": "#AFAFAF",
          "comboboxListItemFocus": "#292929",
          "comboboxListItemHover": "#333333",
          "contentAccent": "#5B91F5",
          "contentInversePrimary": "#000000",
          "contentInverseSecondary": "#333333",
          "contentInverseTertiary": "#545454",
          "contentNegative": "#E85C4A",
          "contentOnColor": "#FFFFFF",
          "contentOnColorInverse": "#000000",
          "contentPositive": "#06C167",
          "contentPrimary": "#FFFFFF",
          "contentSecondary": "#CBCBCB",
          "contentStateDisabled": "#545454",
          "contentTertiary": "#AFAFAF",
          "contentWarning": "#FFCF70",
          "datepickerBackground": "#292929",
          "datepickerDayFont": "#FFFFFF",
          "datepickerDayFontDisabled": "#CBCBCB",
          "datepickerDayPseudoHighlighted": "#292929",
          "datepickerDayPseudoSelected": "#333333",
          "eatsGreen400": "#048848",
          "fileUploaderBackgroundColor": "#1F1F1F",
          "fileUploaderBackgroundColorActive": "#292929",
          "fileUploaderBorderColorActive": "#FFFFFF",
          "fileUploaderBorderColorDefault": "#333333",
          "fileUploaderMessageColor": "#CBCBCB",
          "foreground": "#CBCBCB",
          "foregroundAlt": "#6B6B6B",
          "foregroundInv": "#000000",
          "freightBlue400": "#0E1FC1",
          "headerNavigationFill": "#1F1F1F",
          "inputBorder": "#292929",
          "inputBorderError": "#E11900",
          "inputBorderPositive": "#048848",
          "inputEnhancerFill": "#333333",
          "inputEnhancerFillDisabled": "#1F1F1F",
          "inputEnhancerTextDisabled": "#333333",
          "inputFill": "#292929",
          "inputFillActive": "#333333",
          "inputFillDisabled": "#141414",
          "inputFillError": "#5A0A00",
          "inputFillPositive": "#10462D",
          "inputPlaceholder": "#6B6B6B",
          "inputPlaceholderDisabled": "#333333",
          "inputTextDisabled": "#333333",
          "jumpRed400": "#E11900",
          "linkActive": "#CBCBCB",
          "linkHover": "#E2E2E2",
          "linkText": "#FFFFFF",
          "linkVisited": "#EEEEEE",
          "listBodyFill": "#141414",
          "listBorder": "#333333",
          "listHeaderFill": "#292929",
          "listIconFill": "#CBCBCB",
          "membership": "#996F00",
          "menuFill": "#292929",
          "menuFillHover": "#1F1F1F",
          "menuFontDefault": "#6B6B6B",
          "menuFontDisabled": "#545454",
          "menuFontHighlighted": "#FFFFFF",
          "menuFontSelected": "#FFFFFF",
          "modalCloseColor": "#6B6B6B",
          "modalCloseColorFocus": "#545454",
          "modalCloseColorHover": "#545454",
          "mono100": "#CBCBCB",
          "mono1000": "#000000",
          "mono200": "#AFAFAF",
          "mono300": "#6B6B6B",
          "mono400": "#545454",
          "mono500": "#333333",
          "mono600": "#292929",
          "mono700": "#1F1F1F",
          "mono800": "#141414",
          "mono900": "#111111",
          "negative": "#AB1300",
          "negative100": "#FED7D2",
          "negative200": "#F1998E",
          "negative300": "#E85C4A",
          "negative400": "#E11900",
          "negative50": "#FFEFED",
          "negative500": "#AB1300",
          "negative600": "#870F00",
          "negative700": "#5A0A00",
          "notificationInfoBackground": "#102C60",
          "notificationInfoText": "#E2E2E2",
          "notificationNegativeBackground": "#5A0A00",
          "notificationNegativeText": "#E2E2E2",
          "notificationPositiveBackground": "#10462D",
          "notificationPositiveText": "#E2E2E2",
          "notificationPrimaryBackground": "#333333",
          "notificationPrimaryText": "#E2E2E2",
          "notificationWarningBackground": "#674D1B",
          "notificationWarningText": "#E2E2E2",
          "paginationTriangleDown": "#CBCBCB",
          "positive": "#048848",
          "positive100": "#ADDEC9",
          "positive200": "#66D19E",
          "positive300": "#06C167",
          "positive400": "#048848",
          "positive50": "#E6F2ED",
          "positive500": "#03703C",
          "positive600": "#03582F",
          "positive700": "#10462D",
          "primary": "#FFFFFF",
          "primary100": "#EEEEEE",
          "primary200": "#E2E2E2",
          "primary300": "#CBCBCB",
          "primary400": "#AFAFAF",
          "primary50": "#F6F6F6",
          "primary500": "#6B6B6B",
          "primary600": "#545454",
          "primary700": "#333333",
          "primaryA": "#E2E2E2",
          "primaryB": "#141414",
          "progressStepsActiveFill": "#FFFFFF",
          "progressStepsActiveText": "#000000",
          "progressStepsCompletedFill": "#FFFFFF",
          "progressStepsCompletedText": "#000000",
          "progressStepsIconActiveFill": "#FFFFFF",
          "progressbarTrackFill": "#CBCBCB",
          "rating200": "#FFE3AC",
          "rating400": "#FFC043",
          "ratingInactiveFill": "#6B6B6B",
          "ratingStroke": "#333333",
          "rewardsTier1": "#276EF1",
          "rewardsTier2": "#FFC043",
          "rewardsTier3": "#8EA3AD",
          "rewardsTier4": "#E2E2E2",
          "safety": "#276EF1",
          "shadowError": "rgba(229, 73, 55, 0.32)",
          "shadowFocus": "rgba(39, 110, 241, 0.32)",
          "sliderBorder": "#FFFFFF",
          "sliderBorderDisabled": "#545454",
          "sliderBorderHover": "#FFFFFF",
          "sliderHandleFill": "#E2E2E2",
          "sliderHandleFillActive": "#6B6B6B",
          "sliderHandleFillDisabled": "#6B6B6B",
          "sliderHandleFillHover": "#6B6B6B",
          "sliderHandleFillSelected": "#6B6B6B",
          "sliderHandleFillSelectedActive": "#333333",
          "sliderHandleFillSelectedHover": "#545454",
          "sliderHandleInnerFill": "#E2E2E2",
          "sliderHandleInnerFillDisabled": "#333333",
          "sliderHandleInnerFillSelectedActive": "#333333",
          "sliderHandleInnerFillSelectedHover": "#545454",
          "sliderTrackFill": "transparent",
          "sliderTrackFillActive": "#545454",
          "sliderTrackFillDisabled": "#1F1F1F",
          "sliderTrackFillHover": "#333333",
          "sliderTrackFillSelected": "#6B6B6B",
          "sliderTrackFillSelectedActive": "#545454",
          "sliderTrackFillSelectedHover": "#333333",
          "spinnerTrackFill": "#CBCBCB",
          "tabBarFill": "#000000",
          "tabColor": "#6B6B6B",
          "tableBackground": "#141414",
          "tableFilter": "#545454",
          "tableFilterBackground": "#1F1F1F",
          "tableFilterFooterBackground": "#141414",
          "tableFilterHeading": "#6B6B6B",
          "tableHeadBackgroundColor": "#1F1F1F",
          "tableStripedBackground": "#1F1F1F",
          "tagAccentFontDisabled": "#174291",
          "tagAccentLightActive": "#174291",
          "tagAccentLightBackground": "#102C60",
          "tagAccentLightDisabled": "#102C60",
          "tagAccentLightFont": "#D4E2FC",
          "tagAccentLightFontHover": "#D4E2FC",
          "tagAccentLightHover": "#102C60",
          "tagAccentOutlinedActive": "#5B91F5",
          "tagAccentOutlinedBackground": "#1E54B7",
          "tagAccentOutlinedDisabled": "#102C60",
          "tagAccentOutlinedFont": "#A0BFF8",
          "tagAccentOutlinedFontHover": "#A0BFF8",
          "tagAccentOutlinedHover": "rgba(255, 255, 255, 0.2)",
          "tagAccentSolidActive": "#276EF1",
          "tagAccentSolidBackground": "#1E54B7",
          "tagAccentSolidDisabled": "#102C60",
          "tagAccentSolidFont": "#FFFFFF",
          "tagAccentSolidFontHover": "#D4E2FC",
          "tagAccentSolidHover": "#1E54B7",
          "tagFontDisabledRampUnit": "600",
          "tagLightActiveRampUnit": "600",
          "tagLightDisabledRampUnit": "700",
          "tagLightFontHoverRampUnit": "100",
          "tagLightFontRampUnit": "100",
          "tagLightHoverRampUnit": "700",
          "tagLightRampUnit": "700",
          "tagNegativeFontDisabled": "#870F00",
          "tagNegativeLightActive": "#870F00",
          "tagNegativeLightBackground": "#5A0A00",
          "tagNegativeLightDisabled": "#5A0A00",
          "tagNegativeLightFont": "#FED7D2",
          "tagNegativeLightFontHover": "#FED7D2",
          "tagNegativeLightHover": "#5A0A00",
          "tagNegativeOutlinedActive": "#E85C4A",
          "tagNegativeOutlinedBackground": "#AB1300",
          "tagNegativeOutlinedDisabled": "#5A0A00",
          "tagNegativeOutlinedFont": "#E85C4A",
          "tagNegativeOutlinedFontHover": "#E85C4A",
          "tagNegativeOutlinedHover": "rgba(255, 255, 255, 0.2)",
          "tagNegativeSolidActive": "#E11900",
          "tagNegativeSolidBackground": "#AB1300",
          "tagNegativeSolidDisabled": "#5A0A00",
          "tagNegativeSolidFont": "#FFFFFF",
          "tagNegativeSolidFontHover": "#FED7D2",
          "tagNegativeSolidHover": "#AB1300",
          "tagNeutralFontDisabled": "#545454",
          "tagNeutralLightActive": "#1F1F1F",
          "tagNeutralLightBackground": "#141414",
          "tagNeutralLightDisabled": "#1F1F1F",
          "tagNeutralLightFont": "#AFAFAF",
          "tagNeutralLightFontHover": "#AFAFAF",
          "tagNeutralLightHover": "#141414",
          "tagNeutralOutlinedActive": "#545454",
          "tagNeutralOutlinedBackground": "#AFAFAF",
          "tagNeutralOutlinedDisabled": "#333333",
          "tagNeutralOutlinedFont": "#CBCBCB",
          "tagNeutralOutlinedFontHover": "#CBCBCB",
          "tagNeutralOutlinedHover": "rgba(255, 255, 255, 0.2)",
          "tagNeutralSolidActive": "#333333",
          "tagNeutralSolidBackground": "#E2E2E2",
          "tagNeutralSolidDisabled": "#1F1F1F",
          "tagNeutralSolidFont": "#000000",
          "tagNeutralSolidFontHover": "#AFAFAF",
          "tagNeutralSolidHover": "#292929",
          "tagOutlinedActiveRampUnit": "300",
          "tagOutlinedDisabledRampUnit": "700",
          "tagOutlinedFontHoverRampUnit": "100",
          "tagOutlinedFontRampUnit": "500",
          "tagOutlinedHoverRampUnit": "800",
          "tagOutlinedRampUnit": "500",
          "tagPositiveFontDisabled": "#03582F",
          "tagPositiveLightActive": "#03582F",
          "tagPositiveLightBackground": "#10462D",
          "tagPositiveLightDisabled": "#10462D",
          "tagPositiveLightFont": "#ADDEC9",
          "tagPositiveLightFontHover": "#ADDEC9",
          "tagPositiveLightHover": "#10462D",
          "tagPositiveOutlinedActive": "#06C167",
          "tagPositiveOutlinedBackground": "#03703C",
          "tagPositiveOutlinedDisabled": "#10462D",
          "tagPositiveOutlinedFont": "#06C167",
          "tagPositiveOutlinedFontHover": "#06C167",
          "tagPositiveOutlinedHover": "rgba(255, 255, 255, 0.2)",
          "tagPositiveSolidActive": "#048848",
          "tagPositiveSolidBackground": "#03703C",
          "tagPositiveSolidDisabled": "#10462D",
          "tagPositiveSolidFont": "#FFFFFF",
          "tagPositiveSolidFontHover": "#ADDEC9",
          "tagPositiveSolidHover": "#03703C",
          "tagPrimaryFontDisabled": "#545454",
          "tagPrimaryLightActive": "#545454",
          "tagPrimaryLightBackground": "#333333",
          "tagPrimaryLightDisabled": "#333333",
          "tagPrimaryLightFont": "#EEEEEE",
          "tagPrimaryLightFontHover": "#EEEEEE",
          "tagPrimaryLightHover": "#333333",
          "tagPrimaryOutlinedActive": "#545454",
          "tagPrimaryOutlinedBackground": "#AFAFAF",
          "tagPrimaryOutlinedDisabled": "#333333",
          "tagPrimaryOutlinedFont": "#E2E2E2",
          "tagPrimaryOutlinedFontHover": "#E2E2E2",
          "tagPrimaryOutlinedHover": "rgba(255, 255, 255, 0.2)",
          "tagPrimarySolidActive": "#AFAFAF",
          "tagPrimarySolidBackground": "#E2E2E2",
          "tagPrimarySolidDisabled": "#333333",
          "tagPrimarySolidFont": "#000000",
          "tagPrimarySolidFontHover": "#EEEEEE",
          "tagPrimarySolidHover": "#333333",
          "tagSolidActiveRampUnit": "400",
          "tagSolidDisabledRampUnit": "700",
          "tagSolidFontHoverRampUnit": "100",
          "tagSolidFontRampUnit": "0",
          "tagSolidHoverRampUnit": "500",
          "tagSolidRampUnit": "500",
          "tagWarningFontDisabled": "#996F00",
          "tagWarningLightActive": "#996F00",
          "tagWarningLightBackground": "#674D1B",
          "tagWarningLightDisabled": "#674D1B",
          "tagWarningLightFont": "#FFF2D9",
          "tagWarningLightFontHover": "#FFF2D9",
          "tagWarningLightHover": "#674D1B",
          "tagWarningOutlinedActive": "#FFCF70",
          "tagWarningOutlinedBackground": "#BC8B2C",
          "tagWarningOutlinedDisabled": "#674D1B",
          "tagWarningOutlinedFont": "#FFCF70",
          "tagWarningOutlinedFontHover": "#FFCF70",
          "tagWarningOutlinedHover": "rgba(255, 255, 255, 0.2)",
          "tagWarningSolidActive": "#FFC043",
          "tagWarningSolidBackground": "#BC8B2C",
          "tagWarningSolidDisabled": "#674D1B",
          "tagWarningSolidFont": "#000000",
          "tagWarningSolidFontHover": "#FFF2D9",
          "tagWarningSolidHover": "#BC8B2C",
          "tickBorder": "#6B6B6B",
          "tickBorderError": "#E11900",
          "tickFill": "#000000",
          "tickFillActive": "#292929",
          "tickFillDisabled": "#333333",
          "tickFillError": "#5A0A00",
          "tickFillErrorHover": "#870F00",
          "tickFillErrorHoverActive": "#AB1300",
          "tickFillErrorSelected": "#AB1300",
          "tickFillErrorSelectedHover": "#870F00",
          "tickFillErrorSelectedHoverActive": "#5A0A00",
          "tickFillHover": "#1F1F1F",
          "tickFillSelected": "#FFFFFF",
          "tickFillSelectedHover": "#F6F6F6",
          "tickFillSelectedHoverActive": "#EEEEEE",
          "tickMarkFill": "#000000",
          "tickMarkFillDisabled": "#141414",
          "tickMarkFillError": "#FFFFFF",
          "toastInfoBackground": "#276EF1",
          "toastInfoText": "#FFFFFF",
          "toastNegativeBackground": "#E11900",
          "toastNegativeText": "#FFFFFF",
          "toastPositiveBackground": "#048848",
          "toastPositiveText": "#FFFFFF",
          "toastPrimaryBackground": "#AFAFAF",
          "toastPrimaryText": "#FFFFFF",
          "toastText": "#FFFFFF",
          "toastWarningBackground": "#FFC043",
          "toastWarningText": "#000000",
          "toggleFill": "#6B6B6B",
          "toggleFillChecked": "#FFFFFF",
          "toggleFillDisabled": "#292929",
          "toggleTrackFill": "#545454",
          "toggleTrackFillDisabled": "#1F1F1F",
          "tooltipBackground": "#AFAFAF",
          "tooltipText": "#000000",
          "warning": "#BC8B2C",
          "warning100": "#FFF2D9",
          "warning200": "#FFE3AC",
          "warning300": "#FFCF70",
          "warning400": "#FFC043",
          "warning50": "#FFFAF0",
          "warning500": "#BC8B2C",
          "warning600": "#996F00",
          "warning700": "#674D1B",
          "white": "#FFFFFF",
        },
        "direction": "auto",
        "grid": Object {
          "columns": Array [
            4,
            8,
            12,
          ],
          "gaps": 0,
          "gutters": Array [
            16,
            36,
            36,
          ],
          "margins": Array [
            16,
            36,
            64,
          ],
          "maxWidth": 1280,
          "unit": "px",
        },
        "lighting": Object {
          "deepAbove": "0px -16px 48px rgba(0, 0, 0, 0.22)",
          "deepBelow": "0px 16px 48px rgba(0, 0, 0, 0.22)",
          "overlay0": "inset 0 0 0 1000px hsla(0, 0%, 0%, 0)",
          "overlay100": "inset 0 0 0 1000px hsla(0, 0%, 0%, 0.04)",
          "overlay200": "inset 0 0 0 1000px hsla(0, 0%, 0%, 0.08)",
          "overlay300": "inset 0 0 0 1000px hsla(0, 0%, 0%, 0.12)",
          "overlay400": "inset 0 0 0 1000px hsla(0, 0%, 0%, 0.16)",
          "overlay500": "inset 0 0 0 1000px hsla(0, 0%, 0%, 0.2)",
          "overlay600": "inset 0 0 0 1000px hsla(0, 0%, 0%, 0.24)",
          "shadow400": "0 1px 4px hsla(0, 0%, 0%, 0.16)",
          "shadow500": "0 2px 8px hsla(0, 0%, 0%, 0.16)",
          "shadow600": "0 4px 16px hsla(0, 0%, 0%, 0.16)",
          "shadow700": "0 8px 24px hsla(0, 0%, 0%, 0.16)",
          "shallowAbove": "0px -4px 16px rgba(0, 0, 0, 0.12)",
          "shallowBelow": "0px 4px 16px rgba(0, 0, 0, 0.12)",
        },
        "mediaQuery": Object {
          "large": "@media screen and (min-width: 1136px)",
          "medium": "@media screen and (min-width: 600px)",
          "small": "@media screen and (min-width: 320px)",
        },
        "name": "dark-theme",
        "sizing": Object {
          "scale0": "2px",
          "scale100": "4px",
          "scale1000": "40px",
          "scale1200": "48px",
          "scale1400": "56px",
          "scale1600": "64px",
          "scale200": "6px",
          "scale2400": "96px",
          "scale300": "8px",
          "scale3200": "128px",
          "scale400": "10px",
          "scale4800": "192px",
          "scale500": "12px",
          "scale550": "14px",
          "scale600": "16px",
          "scale650": "18px",
          "scale700": "20px",
          "scale750": "22px",
          "scale800": "24px",
          "scale850": "28px",
          "scale900": "32px",
          "scale950": "36px",
        },
        "typography": Object {
          "DisplayLarge": Object {
            "fontFamily": "system-ui, \\"Helvetica Neue\\", Helvetica, Arial, sans-serif",
            "fontSize": "96px",
            "fontWeight": 500,
            "lineHeight": "112px",
          },
          "DisplayMedium": Object {
            "fontFamily": "system-ui, \\"Helvetica Neue\\", Helvetica, Arial, sans-serif",
            "fontSize": "52px",
            "fontWeight": 500,
            "lineHeight": "64px",
          },
          "DisplaySmall": Object {
            "fontFamily": "system-ui, \\"Helvetica Neue\\", Helvetica, Arial, sans-serif",
            "fontSize": "44px",
            "fontWeight": 500,
            "lineHeight": "52px",
          },
          "DisplayXSmall": Object {
            "fontFamily": "system-ui, \\"Helvetica Neue\\", Helvetica, Arial, sans-serif",
            "fontSize": "36px",
            "fontWeight": 500,
            "lineHeight": "44px",
          },
          "HeadingLarge": Object {
            "fontFamily": "system-ui, \\"Helvetica Neue\\", Helvetica, Arial, sans-serif",
            "fontSize": "32px",
            "fontWeight": 500,
            "lineHeight": "40px",
          },
          "HeadingMedium": Object {
            "fontFamily": "system-ui, \\"Helvetica Neue\\", Helvetica, Arial, sans-serif",
            "fontSize": "28px",
            "fontWeight": 500,
            "lineHeight": "36px",
          },
          "HeadingSmall": Object {
            "fontFamily": "system-ui, \\"Helvetica Neue\\", Helvetica, Arial, sans-serif",
            "fontSize": "24px",
            "fontWeight": 500,
            "lineHeight": "32px",
          },
          "HeadingXLarge": Object {
            "fontFamily": "system-ui, \\"Helvetica Neue\\", Helvetica, Arial, sans-serif",
            "fontSize": "36px",
            "fontWeight": 500,
            "lineHeight": "44px",
          },
          "HeadingXSmall": Object {
            "fontFamily": "system-ui, \\"Helvetica Neue\\", Helvetica, Arial, sans-serif",
            "fontSize": "20px",
            "fontWeight": 500,
            "lineHeight": "28px",
          },
          "HeadingXXLarge": Object {
            "fontFamily": "system-ui, \\"Helvetica Neue\\", Helvetica, Arial, sans-serif",
            "fontSize": "40px",
            "fontWeight": 500,
            "lineHeight": "52px",
          },
          "LabelLarge": Object {
            "fontFamily": "system-ui, \\"Helvetica Neue\\", Helvetica, Arial, sans-serif",
            "fontSize": "18px",
            "fontWeight": 500,
            "lineHeight": "24px",
          },
          "LabelMedium": Object {
            "fontFamily": "system-ui, \\"Helvetica Neue\\", Helvetica, Arial, sans-serif",
            "fontSize": "16px",
            "fontWeight": 500,
            "lineHeight": "20px",
          },
          "LabelSmall": Object {
            "fontFamily": "system-ui, \\"Helvetica Neue\\", Helvetica, Arial, sans-serif",
            "fontSize": "14px",
            "fontWeight": 500,
            "lineHeight": "16px",
          },
          "LabelXSmall": Object {
            "fontFamily": "system-ui, \\"Helvetica Neue\\", Helvetica, Arial, sans-serif",
            "fontSize": "12px",
            "fontWeight": 500,
            "lineHeight": "16px",
          },
          "MonoDisplayLarge": Object {
            "fontFamily": "\\"Lucida Console\\", Monaco, monospace",
            "fontSize": "96px",
            "fontWeight": 500,
            "lineHeight": "112px",
          },
          "MonoDisplayMedium": Object {
            "fontFamily": "\\"Lucida Console\\", Monaco, monospace",
            "fontSize": "52px",
            "fontWeight": 500,
            "lineHeight": "64px",
          },
          "MonoDisplaySmall": Object {
            "fontFamily": "\\"Lucida Console\\", Monaco, monospace",
            "fontSize": "44px",
            "fontWeight": 500,
            "lineHeight": "52px",
          },
          "MonoDisplayXSmall": Object {
            "fontFamily": "\\"Lucida Console\\", Monaco, monospace",
            "fontSize": "36px",
            "fontWeight": 500,
            "lineHeight": "44px",
          },
          "MonoHeadingLarge": Object {
            "fontFamily": "\\"Lucida Console\\", Monaco, monospace",
            "fontSize": "32px",
            "fontWeight": 500,
            "lineHeight": "40px",
          },
          "MonoHeadingMedium": Object {
            "fontFamily": "\\"Lucida Console\\", Monaco, monospace",
            "fontSize": "28px",
            "fontWeight": 500,
            "lineHeight": "36px",
          },
          "MonoHeadingSmall": Object {
            "fontFamily": "\\"Lucida Console\\", Monaco, monospace",
            "fontSize": "24px",
            "fontWeight": 500,
            "lineHeight": "32px",
          },
          "MonoHeadingXLarge": Object {
            "fontFamily": "\\"Lucida Console\\", Monaco, monospace",
            "fontSize": "36px",
            "fontWeight": 500,
            "lineHeight": "44px",
          },
          "MonoHeadingXSmall": Object {
            "fontFamily": "\\"Lucida Console\\", Monaco, monospace",
            "fontSize": "20px",
            "fontWeight": 500,
            "lineHeight": "28px",
          },
          "MonoHeadingXXLarge": Object {
            "fontFamily": "\\"Lucida Console\\", Monaco, monospace",
            "fontSize": "40px",
            "fontWeight": 500,
            "lineHeight": "52px",
          },
          "MonoLabelLarge": Object {
            "fontFamily": "\\"Lucida Console\\", Monaco, monospace",
            "fontSize": "18px",
            "fontWeight": 500,
            "lineHeight": "24px",
          },
          "MonoLabelMedium": Object {
            "fontFamily": "\\"Lucida Console\\", Monaco, monospace",
            "fontSize": "16px",
            "fontWeight": 500,
            "lineHeight": "20px",
          },
          "MonoLabelSmall": Object {
            "fontFamily": "\\"Lucida Console\\", Monaco, monospace",
            "fontSize": "14px",
            "fontWeight": 500,
            "lineHeight": "16px",
          },
          "MonoLabelXSmall": Object {
            "fontFamily": "\\"Lucida Console\\", Monaco, monospace",
            "fontSize": "12px",
            "fontWeight": 500,
            "lineHeight": "16px",
          },
          "MonoParagraphLarge": Object {
            "fontFamily": "\\"Lucida Console\\", Monaco, monospace",
            "fontSize": "18px",
            "fontWeight": "normal",
            "lineHeight": "28px",
          },
          "MonoParagraphMedium": Object {
            "fontFamily": "\\"Lucida Console\\", Monaco, monospace",
            "fontSize": "16px",
            "fontWeight": "normal",
            "lineHeight": "24px",
          },
          "MonoParagraphSmall": Object {
            "fontFamily": "\\"Lucida Console\\", Monaco, monospace",
            "fontSize": "14px",
            "fontWeight": "normal",
            "lineHeight": "20px",
          },
          "MonoParagraphXSmall": Object {
            "fontFamily": "\\"Lucida Console\\", Monaco, monospace",
            "fontSize": "12px",
            "fontWeight": "normal",
            "lineHeight": "20px",
          },
          "ParagraphLarge": Object {
            "fontFamily": "system-ui, \\"Helvetica Neue\\", Helvetica, Arial, sans-serif",
            "fontSize": "18px",
            "fontWeight": "normal",
            "lineHeight": "28px",
          },
          "ParagraphMedium": Object {
            "fontFamily": "system-ui, \\"Helvetica Neue\\", Helvetica, Arial, sans-serif",
            "fontSize": "16px",
            "fontWeight": "normal",
            "lineHeight": "24px",
          },
          "ParagraphSmall": Object {
            "fontFamily": "system-ui, \\"Helvetica Neue\\", Helvetica, Arial, sans-serif",
            "fontSize": "14px",
            "fontWeight": "normal",
            "lineHeight": "20px",
          },
          "ParagraphXSmall": Object {
            "fontFamily": "system-ui, \\"Helvetica Neue\\", Helvetica, Arial, sans-serif",
            "fontSize": "12px",
            "fontWeight": "normal",
            "lineHeight": "20px",
          },
          "font100": Object {
            "fontFamily": "system-ui, \\"Helvetica Neue\\", Helvetica, Arial, sans-serif",
            "fontSize": "12px",
            "fontWeight": "normal",
            "lineHeight": "20px",
          },
          "font1050": Object {
            "fontFamily": "system-ui, \\"Helvetica Neue\\", Helvetica, Arial, sans-serif",
            "fontSize": "40px",
            "fontWeight": 500,
            "lineHeight": "52px",
          },
          "font1150": Object {
            "fontFamily": "system-ui, \\"Helvetica Neue\\", Helvetica, Arial, sans-serif",
            "fontSize": "36px",
            "fontWeight": 500,
            "lineHeight": "44px",
          },
          "font1250": Object {
            "fontFamily": "system-ui, \\"Helvetica Neue\\", Helvetica, Arial, sans-serif",
            "fontSize": "44px",
            "fontWeight": 500,
            "lineHeight": "52px",
          },
          "font1350": Object {
            "fontFamily": "system-ui, \\"Helvetica Neue\\", Helvetica, Arial, sans-serif",
            "fontSize": "52px",
            "fontWeight": 500,
            "lineHeight": "64px",
          },
          "font1450": Object {
            "fontFamily": "system-ui, \\"Helvetica Neue\\", Helvetica, Arial, sans-serif",
            "fontSize": "96px",
            "fontWeight": 500,
            "lineHeight": "112px",
          },
          "font150": Object {
            "fontFamily": "system-ui, \\"Helvetica Neue\\", Helvetica, Arial, sans-serif",
            "fontSize": "12px",
            "fontWeight": 500,
            "lineHeight": "16px",
          },
          "font200": Object {
            "fontFamily": "system-ui, \\"Helvetica Neue\\", Helvetica, Arial, sans-serif",
            "fontSize": "14px",
            "fontWeight": "normal",
            "lineHeight": "20px",
          },
          "font250": Object {
            "fontFamily": "system-ui, \\"Helvetica Neue\\", Helvetica, Arial, sans-serif",
            "fontSize": "14px",
            "fontWeight": 500,
            "lineHeight": "16px",
          },
          "font300": Object {
            "fontFamily": "system-ui, \\"Helvetica Neue\\", Helvetica, Arial, sans-serif",
            "fontSize": "16px",
            "fontWeight": "normal",
            "lineHeight": "24px",
          },
          "font350": Object {
            "fontFamily": "system-ui, \\"Helvetica Neue\\", Helvetica, Arial, sans-serif",
            "fontSize": "16px",
            "fontWeight": 500,
            "lineHeight": "20px",
          },
          "font400": Object {
            "fontFamily": "system-ui, \\"Helvetica Neue\\", Helvetica, Arial, sans-serif",
            "fontSize": "18px",
            "fontWeight": "normal",
            "lineHeight": "28px",
          },
          "font450": Object {
            "fontFamily": "system-ui, \\"Helvetica Neue\\", Helvetica, Arial, sans-serif",
            "fontSize": "18px",
            "fontWeight": 500,
            "lineHeight": "24px",
          },
          "font550": Object {
            "fontFamily": "system-ui, \\"Helvetica Neue\\", Helvetica, Arial, sans-serif",
            "fontSize": "20px",
            "fontWeight": 500,
            "lineHeight": "28px",
          },
          "font650": Object {
            "fontFamily": "system-ui, \\"Helvetica Neue\\", Helvetica, Arial, sans-serif",
            "fontSize": "24px",
            "fontWeight": 500,
            "lineHeight": "32px",
          },
          "font750": Object {
            "fontFamily": "system-ui, \\"Helvetica Neue\\", Helvetica, Arial, sans-serif",
            "fontSize": "28px",
            "fontWeight": 500,
            "lineHeight": "36px",
          },
          "font850": Object {
            "fontFamily": "system-ui, \\"Helvetica Neue\\", Helvetica, Arial, sans-serif",
            "fontSize": "32px",
            "fontWeight": 500,
            "lineHeight": "40px",
          },
          "font950": Object {
            "fontFamily": "system-ui, \\"Helvetica Neue\\", Helvetica, Arial, sans-serif",
            "fontSize": "36px",
            "fontWeight": 500,
            "lineHeight": "44px",
          },
        },
        "zIndex": Object {
          "modal": 2000,
        },
      }
    }
  >
    <DisplayXSmall>
      Thanks for visiting us 
      <br />
      Since you declined to allow location accesse we are not able to help you 
      <br />
      right now. 
      <br />
      But feel free to change your setting and come back to us.
    </DisplayXSmall>
  </ThemeProvider>
</div>
`;
